// Jest Snapshot v1, https://goo.gl/fbAQLP

exports[`Test in GifExpert App It should show up correctly. 1`] = `
<Fragment>
  <h2>
    Beffis is Back App (Flavia, Geyvin, JheXson,PingoSanti)
  </h2>
  <AddCategory
    setCategories={[Function]}
  />
  <hr />
  <ol />
</Fragment>
`;

exports[`Test in GifExpert App a list of categories should be displayed 1`] = `
<Fragment>
  <h2>
    Beffis is Back App (Flavia, Geyvin, JheXson,PingoSanti)
  </h2>
  <AddCategory
    setCategories={[Function]}
  />
  <hr />
  <ol />
</Fragment>
`;
